        GENERAL ALIASES [YaK]
        ##############################################################
        ll              --> List files in list mode
        cdh             --> Change directory to YaK home
        cdci            --> Change directory to configuration/infrastructure
        cdct            --> Change directory to configuration/template
        cdr             --> Change directory to roles directory
        cdp             --> Change directory to playbooks directory

        ANSIBLE INVENTORY ALIASES
        ##############################################################
        aig             --> Display the inventory graph for all groups
        aig <group>     --> Display the inventory graph for a specific group
        aih <server>    --> Display the specific server info
        apsdp <server>  --> Deploy a specific server
        apsr <comp>     --> Apply the components requirements for a specific server
        apsdc <server>  --> Decommission a specific server
        
        GENERATE SSH SECRETS 
        ##############################################################
        gen_secret      --> Generate sshkey's under the current directory
