#####################
## General Aliases ##
#####################

  ll               --> List files in list mode
  uc               --> Unset the YAK_CORE_COMPONENT environment variable
  cdh              --> Change directory to YaK home
  cdc              --> Change directory to component_types
  cdcc             --> Change directory to configuration/components
  cdci             --> Change directory to configuration/infrastructure
  cds              --> Change directory to servers
  startdemo        --> Start a demo of the YaK


#######################
## Ansible Functions ##
#######################

  sc <comp>        --> Set the YAK_CORE_COMPONENT environment variable
                       cmd: export YAK_CORE_COMPONENT="<comp>"

  aig [<grp>]      --> Display the inventory graph for all groups / a specific group
                       cmd: ansible-inventory --graph [<grp>]

  aigv [<grp>]     --> Display the inventory graph for all groups / a specific group with the variables
                       cmd: ansible-inventory --graph [<grp>] --vars

  aih <srv/grp>    --> Display a specific server/group info
                       cmd: ansible-inventory --host <srv/grp>

  apdp <srv/grp>   --> Deploy a specific server/group including requirements
                       cmd: ansible-playbook servers/deploy.yml -e target=<srv/grp>

  apdps <srv/grp>  --> Deploy a specific server/group without the requirements
                       cmd: ansible-playbook servers/deploy.yml -e target=<srv/grp> --tags=server

  apdpr <srv/grp>  --> Apply only the requirements for a specific server/group
                       cmd: ansible-playbook servers/deploy.yml -e target=<srv/grp> --tags=requirements

  apdc <srv/grp>   --> Decommission a specific server/group
                       cmd: ansible-playbook servers/decommission.yml -e target=<srv/grp>


#######################
## Generate SSH keys ##
#######################

  gen_secret       --> Generate ssh keys in the current directory
                     cmd: ssh-keygen -b 4096 -m PEM -t rsa -f sshkey -q -N "";
